2025-04-02 17:56:58,612 - DEBUG - STREAM b'IHDR' 16 13
2025-04-02 17:56:58,612 - DEBUG - STREAM b'IDAT' 41 8192
2025-04-02 17:57:02,234 - DEBUG - STREAM b'IHDR' 16 13
2025-04-02 17:57:02,235 - DEBUG - STREAM b'IDAT' 41 8192
2025-04-02 17:57:30,584 - INFO - Compression Stats:
2025-04-02 17:57:30,585 - INFO - Original size: 196608 bytes
2025-04-02 17:57:30,586 - INFO - Compressed data: 0 bytes
2025-04-02 17:57:30,587 - INFO - Color palette: 762 bytes
2025-04-02 17:57:30,589 - INFO - Total compressed: 762 bytes
2025-04-02 17:57:30,590 - ERROR - Compression resulted in 0 bytes
2025-04-02 17:57:30,710 - DEBUG - STREAM b'IHDR' 16 13
2025-04-02 17:57:30,711 - DEBUG - STREAM b'IDAT' 41 65536
2025-04-02 17:57:30,751 - DEBUG - STREAM b'IHDR' 16 13
2025-04-02 17:57:30,751 - DEBUG - STREAM b'IDAT' 41 213
2025-04-02 18:04:57,912 - DEBUG - STREAM b'IHDR' 16 13
2025-04-02 18:04:57,912 - DEBUG - STREAM b'IDAT' 41 8192
2025-04-02 18:04:58,666 - DEBUG - STREAM b'IHDR' 16 13
2025-04-02 18:04:58,666 - DEBUG - STREAM b'IDAT' 41 8192
2025-04-02 18:04:59,004 - DEBUG - STREAM b'IHDR' 16 13
2025-04-02 18:04:59,004 - DEBUG - STREAM b'IDAT' 41 8192
2025-04-02 18:05:00,344 - DEBUG - STREAM b'IHDR' 16 13
2025-04-02 18:05:00,345 - DEBUG - STREAM b'IDAT' 41 8192
2025-04-02 18:05:15,370 - DEBUG - STREAM b'IHDR' 16 13
2025-04-02 18:05:15,371 - DEBUG - STREAM b'IDAT' 41 8192
2025-04-02 18:05:16,553 - DEBUG - STREAM b'IHDR' 16 13
2025-04-02 18:05:16,554 - DEBUG - STREAM b'IDAT' 41 8192
2025-04-02 18:08:35,089 - DEBUG - STREAM b'IHDR' 16 13
2025-04-02 18:08:35,090 - DEBUG - STREAM b'IDAT' 41 8192
2025-04-02 18:08:36,188 - DEBUG - STREAM b'IHDR' 16 13
2025-04-02 18:08:36,188 - DEBUG - STREAM b'IDAT' 41 8192
2025-04-02 18:09:21,970 - DEBUG - STREAM b'IHDR' 16 13
2025-04-02 18:09:21,970 - DEBUG - STREAM b'IDAT' 41 8192
2025-04-02 18:09:21,974 - DEBUG - STREAM b'IDAT' 90285 5
2025-04-02 18:09:23,469 - DEBUG - STREAM b'IHDR' 16 13
2025-04-02 18:09:23,470 - DEBUG - STREAM b'IDAT' 41 8192
2025-04-02 18:09:26,643 - DEBUG - STREAM b'IHDR' 16 13
2025-04-02 18:09:26,643 - DEBUG - STREAM b'IDAT' 41 8192
2025-04-02 18:09:28,442 - DEBUG - STREAM b'IHDR' 16 13
2025-04-02 18:09:28,443 - DEBUG - STREAM b'IDAT' 41 8192
2025-04-02 18:10:42,786 - DEBUG - STREAM b'IHDR' 16 13
2025-04-02 18:10:42,787 - DEBUG - STREAM b'IDAT' 41 8192
2025-04-02 18:10:43,864 - DEBUG - STREAM b'IHDR' 16 13
2025-04-02 18:10:43,864 - DEBUG - STREAM b'IDAT' 41 8192
2025-04-02 18:18:48,726 - DEBUG - STREAM b'IHDR' 16 13
2025-04-02 18:18:48,727 - DEBUG - STREAM b'IDAT' 41 8192
2025-04-02 18:18:49,981 - DEBUG - STREAM b'IHDR' 16 13
2025-04-02 18:18:49,982 - DEBUG - STREAM b'IDAT' 41 8192
2025-04-02 18:19:54,600 - DEBUG - STREAM b'IHDR' 16 13
2025-04-02 18:19:54,601 - DEBUG - STREAM b'IDAT' 41 8192
2025-04-02 18:19:56,162 - DEBUG - STREAM b'IHDR' 16 13
2025-04-02 18:19:56,163 - DEBUG - STREAM b'IDAT' 41 8192
2025-04-02 18:19:59,400 - DEBUG - STREAM b'IHDR' 16 13
2025-04-02 18:19:59,400 - DEBUG - STREAM b'IDAT' 41 8192
2025-04-02 18:20:26,868 - DEBUG - STREAM b'IHDR' 16 13
2025-04-02 18:20:26,869 - DEBUG - STREAM b'IDAT' 41 8192
2025-04-02 18:21:24,363 - DEBUG - STREAM b'IHDR' 16 13
2025-04-02 18:21:24,363 - DEBUG - STREAM b'IDAT' 41 8192
2025-04-02 18:21:25,739 - DEBUG - STREAM b'IHDR' 16 13
2025-04-02 18:21:25,740 - DEBUG - STREAM b'IDAT' 41 8192
2025-04-02 18:23:08,798 - DEBUG - STREAM b'IHDR' 16 13
2025-04-02 18:23:08,798 - DEBUG - STREAM b'IDAT' 41 8192
2025-04-02 18:26:52,953 - DEBUG - STREAM b'IHDR' 16 13
2025-04-02 18:26:52,954 - DEBUG - STREAM b'IDAT' 41 8192
2025-04-02 18:26:55,652 - DEBUG - STREAM b'IHDR' 16 13
2025-04-02 18:26:55,652 - DEBUG - STREAM b'IDAT' 41 8192
2025-04-02 18:27:11,460 - DEBUG - STREAM b'IHDR' 16 13
2025-04-02 18:27:11,461 - DEBUG - STREAM b'IDAT' 41 8192
2025-04-02 18:28:04,865 - DEBUG - STREAM b'IHDR' 16 13
2025-04-02 18:28:04,865 - DEBUG - STREAM b'IDAT' 41 8192
2025-04-02 18:28:12,279 - DEBUG - STREAM b'IHDR' 16 13
2025-04-02 18:28:12,279 - DEBUG - STREAM b'IDAT' 41 8192
